Microchip MPLAB XC8 Compiler V1.32 ()

Linker command line:

--edf=/opt/microchip/xc8/v1.32/dat/en_msgs.txt -cs \
  -h+dist/default/debug/thwo.debug.sym \
  --cmf=dist/default/debug/thwo.debug.cmf -z -Q10F220 -o/tmp/cgtco3oqm \
  -Mdist/default/debug/thwo.debug.map -E1 -ver=XC8 -ASTACK=013h-01bh \
  -pstack=STACK -ACODE=00h-0FEh -AENTRY=00h-0FFh-0FEh -ASTRING=00h-0FEh \
  -ASTRCODE=00h-0FEh -ABANK0=010h-01Dh -ARAM=010h-01Dh -AABS1=010h-01Fh \
  -ACOMMON=01Ch-01Fh -ASFR0=00h-0Fh \
  -preset_vec=0ffh,reset_wrap=0h,init,end_init,cinit,clrtext -ppowerup=CODE \
  -pfunctab=ENTRY -ACONFIG=0FFFh-0FFFh -pconfig=CONFIG -DCONFIG=2 \
  -AIDLOC=0100h-0103h -pidloc=IDLOC -DIDLOC=2 -pstrings=-STRING -DCODE=2 \
  -DSTRCODE=2 -DSTRING=2 -DCONST=2 -DENTRY=2 -k /tmp/cgtx0Q2EP.obj \
  dist/default/debug/thwo.debug.obj 

Object code version is 3.11

Machine type is 10F220



                Name                               Link     Load   Length Selector   Space Scale
/tmp/cgtx0Q2EP.obj
                end_init                              3        3        1        0       0
                reset_wrap                            0        0        3        0       0
                reset_vec                            FF       FF        1      1FE       0
dist/default/debug/thwo.debug.obj
                cinit                                 4        4        2        0       0
                cstackBANK0                          10       10        3       10       1
                maintext                              6        6       1F        C       0

TOTAL           Name                               Link     Load   Length     Space
        CLASS   STACK          

        CLASS   CODE           
                reset_vec                            FF       FF        1         0
                maintext                              6        6       1F         0

        CLASS   ENTRY          
                end_init                              3        3        1         0
                cinit                                 4        4        2         0
                reset_wrap                            0        0        3         0

        CLASS   STRING         

        CLASS   STRCODE        

        CLASS   BANK0          
                cstackBANK0                          10       10        3         1

        CLASS   RAM            

        CLASS   ABS1           
                abs_s1                               1C       1C        4         1

        CLASS   COMMON         

        CLASS   SFR0           

        CLASS   CONFIG         

        CLASS   IDLOC          

        CLASS   CONST          



SEGMENTS        Name                           Load    Length   Top    Selector   Space  Class     Delta

                reset_wrap                     000000  000006  000006         0       0  ENTRY       2
                maintext                       000006  00001F  000025         C       0  CODE        2
                cstackBANK0                    000010  000003  000013        10       1  BANK0       1
                reset_vec                      0000FF  000001  000100       1FE       0  CODE        2


UNUSED ADDRESS RANGES

        Name                Unused          Largest block    Delta
        BANK0            013-01B             9           1
        CODE             025-0FE            DA           2
        CONFIG           FFF-FFF             1           2
        ENTRY            025-0FE            DA           2
        IDLOC            100-103             4           2
        RAM              013-01B             9           1
        SFR0             000-00F            10           1
        STACK            013-01B             9           1
        STRCODE          025-0FE            DA           2
        STRING           025-0FE            DA           2

                                  Symbol Table

_GP2                     (abs)       032
_TRIS                    (abs)       006
__Habs1                  abs1        000
__Hbank0                 bank0       000
__Hcinit                 cinit       006
__Hclrtext               clrtext     006
__Hcode                  code        000
__Hcommon                common      000
__Hconfig                config      000
__HcstackBANK0           cstackBANK0 000
__Hend_init              end_init    004
__Hfunctab               functab     000
__Hidloc                 idloc       000
__Hinit                  init        003
__Hjmp_tab               jmp_tab     000
__Hmaintext              maintext    000
__Hpowerup               powerup     000
__Hram                   ram         000
__Hreset_vec             reset_vec   100
__Hreset_wrap            reset_wrap  003
__Hsfr0                  sfr0        000
__Hspace_0               (abs)       100
__Hspace_1               (abs)       013
__Hspace_2               (abs)       000
__Hstack                 stack       000
__Hstrings               strings     000
__Htext                  text        000
__Labs1                  abs1        000
__Lbank0                 bank0       000
__Lcinit                 cinit       004
__Lclrtext               clrtext     006
__Lcode                  code        000
__Lcommon                common      000
__Lconfig                config      000
__LcstackBANK0           cstackBANK0 000
__Lend_init              end_init    003
__Lfunctab               functab     000
__Lidloc                 idloc       000
__Linit                  init        003
__Ljmp_tab               jmp_tab     000
__Lmaintext              maintext    000
__Lpowerup               powerup     000
__Lram                   ram         000
__Lreset_vec             reset_vec   0FF
__Lreset_wrap            reset_wrap  000
__Lsfr0                  sfr0        000
__Lspace_0               (abs)       000
__Lspace_1               (abs)       000
__Lspace_2               (abs)       000
__Lstack                 stack       000
__Lstrings               strings     000
__Ltext                  text        000
__S0                     (abs)       025
__S1                     (abs)       013
__S2                     (abs)       000
___int_sp                stack       000
___latbits               (abs)       000
___sp                    stack       000
__end_of__initialization cinit       004
__end_of_main            maintext    025
__initialization         cinit       004
__pcstackBANK0           cstackBANK0 010
__pmaintext              maintext    006
__size_of_main           (abs)       000
_main                    maintext    006
btemp                    (abs)       01C
end_of_initialization    cinit       004
ltemp                    (abs)       01C
ltemp0                   (abs)       01C
ltemp1                   (abs)       020
ltemp2                   (abs)       024
ltemp3                   (abs)       01E
reset_vec                reset_vec   0FF
stackhi                  (abs)       000
stacklo                  (abs)       000
start                    init        003
start_initialization     cinit       004
ttemp                    (abs)       01C
ttemp0                   (abs)       01C
ttemp1                   (abs)       01F
ttemp2                   (abs)       022
ttemp3                   (abs)       025
ttemp4                   (abs)       01D
wtemp                    (abs)       01C
wtemp0                   (abs)       01C
wtemp1                   (abs)       01E
wtemp2                   (abs)       020
wtemp3                   (abs)       022
wtemp4                   (abs)       024
wtemp5                   (abs)       026
wtemp6                   (abs)       01D


FUNCTION INFORMATION:

 *************** function _main *****************
 Defined at:
		line 6 in file "main.c"
 Parameters:    Size  Location     Type
		None
 Auto vars:     Size  Location     Type
		None
 Return value:  Size  Location     Type
		None               void
 Registers used:
		wreg, fsr0l, fsr0h
 Tracked objects:
		On entry : 
		On exit  : 
		Unchanged: 
 Data sizes:     COMMON   BANK0
      Params:         0       0
      Locals:         0       0
      Temps:          0       3
      Totals:         0       3
Total ram usage:        3 bytes
 This function calls:
		Nothing
 This function is called by:
		Startup code after reset
 This function uses a non-reentrant model



MODULE INFORMATION

Module		Function		Class		Link	Load	Size
shared
		__initializatio		ENTRY          	0004	0000	0

shared estimated size: 0

main.c
		_main          		CODE           	0006	0000	31

main.c estimated size: 31

