Microchip MPLAB XC8 Compiler V1.20 ()

Linker command line:

--edf=C:\Programs\Microchip\xc8\v1.20\dat\en_msgs.txt -cs \
  -h+dist/default/production\thwo.production.sym \
  --cmf=dist/default/production\thwo.production.cmf -z -Q10F220 \
  -oC:\Temp\sc0o.6 -Mdist/default/production/thwo.production.map -E1 \
  -ver=XC8 -ACODE=00h-0FEh -AENTRY=00h-0FFh-0FEh -ASTRING=00h-0FEh \
  -ASTRCODE=00h-0FEh -ABANK0=010h-01Dh -ARAM=010h-01Dh -AABS1=010h-01Fh \
  -ACOMMON=01Ch-01Fh -ASFR0=00h-0Fh \
  -preset_vec=0ffh,reset_wrap=0h,init,end_init,cinit,clrtext -ppowerup=CODE \
  -pfunctab=ENTRY -ACONFIG=0FFFh-0FFFh -pconfig=CONFIG -DCONFIG=2 \
  -AIDLOC=0100h-0103h -pidloc=IDLOC -DIDLOC=2 -pstrings=-STRING -DCODE=2 \
  -DSTRCODE=2 -DSTRING=2 -DCONST=2 -DENTRY=2 -k C:\Temp\sc0o.obj \
  dist/default/production\thwo.production.obj 

Object code version is 3.11

Machine type is 10F220



                Name                               Link     Load   Length Selector   Space Scale
C:\Temp\sc0o.obj
                end_init                              2        2        1        0       0
                reset_wrap                            0        0        2        0       0
                reset_vec                            FF       FF        1      1FE       0
                config                              FFF      FFF        1     1FFE       0
dist/default/production\thwo.production.obj
                cinit                                 3        3        2        0       0
                jmp_tab                              FE       FE        1      1FC       0
                text1                                40       40       17        A       0
                maintext                              5        5       3B        A       0
                cstackBANK0                          10       10        3       10       1

TOTAL           Name                               Link     Load   Length     Space
        CLASS   CODE           
                reset_vec                            FF       FF        1         0
                text1                                40       40       17         0
                maintext                              5        5       3B         0

        CLASS   ENTRY          
                end_init                              2        2        1         0
                cinit                                 3        3        2         0
                reset_wrap                            0        0        2         0
                jmp_tab                              FE       FE        1         0

        CLASS   STRING         

        CLASS   STRCODE        

        CLASS   BANK0          
                cstackBANK0                          10       10        3         1

        CLASS   RAM            

        CLASS   ABS1           
                abs_s1                               1C       1C        4         1

        CLASS   COMMON         

        CLASS   SFR0           

        CLASS   CONFIG         
                config                              FFF      FFF        1         0

        CLASS   IDLOC          

        CLASS   CONST          



SEGMENTS        Name                           Load    Length   Top    Selector   Space  Class     Delta

                reset_wrap                     000000  000005  000005         0       0  ENTRY       2
                maintext                       000005  000052  000057         A       0  CODE        2
                cstackBANK0                    000010  000003  000013        10       1  BANK0       1
                jmp_tab                        0000FE  000001  0000FF       1FC       0  ENTRY       2
                reset_vec                      0000FF  000001  000100       1FE       0  CODE        2
                config                         000FFF  000001  001000      1FFE       0  CONFIG      2


UNUSED ADDRESS RANGES

        Name                Unused          Largest block    Delta
        BANK0            0013-001B              9           1
        CODE             0057-00FD             A7           2
        ENTRY            0057-00FD             A7           2
        IDLOC            0100-0103              4           2
        RAM              0013-001B              9           1
        SFR0             0000-000F             10           1
        STRCODE          0057-00FD             A7           2
        STRING           0057-00FD             A7           2

                                  Symbol Table

_ADCON0                  (abs)        0007
_ADRES                   (abs)        0008
_GO                      (abs)        0039
_GPIO                    (abs)        0006
_OPTION                  (abs)        0000
_OSCCAL                  (abs)        0005
_TMR0                    (abs)        0001
_TRIS                    (abs)        0006
__CFG_CP$OFF             (abs)        0000
__CFG_IOSCFS$4MHZ        (abs)        0000
__CFG_MCLRE$ON           (abs)        0000
__CFG_MCPU$ON            (abs)        0000
__CFG_WDTE$OFF           (abs)        0000
__Habs1                  abs1         0000
__Hbank0                 bank0        0000
__Hcinit                 cinit        0005
__Hclrtext               clrtext      0005
__Hcode                  code         0000
__Hcommon                common       0000
__Hconfig                config       1000
__HcstackBANK0           cstackBANK0  0000
__HcstackCOMMON          cstackCOMMON 0000
__Hend_init              end_init     0003
__Hfunctab               functab      0000
__Hidloc                 idloc        0000
__Hinit                  init         0002
__Hjmp_tab               jmp_tab      0000
__Hmaintext              maintext     0000
__Hpowerup               powerup      0000
__Hram                   ram          0000
__Hreset_vec             reset_vec    0100
__Hreset_wrap            reset_wrap   0002
__Hsfr0                  sfr0         0000
__Hstrings               strings      0000
__Htext                  text         0000
__Labs1                  abs1         0000
__Lbank0                 bank0        0000
__Lcinit                 cinit        0003
__Lclrtext               clrtext      0005
__Lcode                  code         0000
__Lcommon                common       0000
__Lconfig                config       0FFF
__LcstackBANK0           cstackBANK0  0000
__LcstackCOMMON          cstackCOMMON 0000
__Lend_init              end_init     0002
__Lfunctab               functab      0000
__Lidloc                 idloc        0000
__Linit                  init         0002
__Ljmp_tab               jmp_tab      0000
__Lmaintext              maintext     0000
__Lpowerup               powerup      0000
__Lram                   ram          0000
__Lreset_vec             reset_vec    00FF
__Lreset_wrap            reset_wrap   0000
__Lsfr0                  sfr0         0000
__Lstrings               strings      0000
__Ltext                  text         0000
__S0                     (abs)        1000
__S1                     (abs)        0013
___latbits               (abs)        0000
__end_of__initialization cinit        0003
__end_of_delay           text1        0057
__end_of_main            maintext     0040
__initialization         cinit        0003
__pcstackBANK0           cstackBANK0  0010
__pcstackCOMMON          cstackCOMMON 0000
__pjmp_tab               jmp_tab      00FE
__pmaintext              maintext     0005
__ptext0                 text0        0000
__ptext1                 text1        0040
__size_of_delay          (abs)        0000
__size_of_main           (abs)        0000
_delay                   text1        0040
_main                    maintext     0005
btemp                    (abs)        001C
delay@n                  cstackBANK0  0010
end_of_initialization    cinit        0003
entry__delay             jmp_tab      00FE
ltemp0                   (abs)        001C
ltemp1                   (abs)        0020
main@fan                 cstackBANK0  0011
main@temp                cstackBANK0  0012
reset_vec                reset_vec    00FF
start                    init         0002
start_initialization     cinit        0003
ttemp0                   (abs)        001C
ttemp1                   (abs)        001F
wtemp0                   (abs)        001C
wtemp1                   (abs)        001E
wtemp2                   (abs)        0020
wtemp3                   (abs)        0022


FUNCTION INFORMATION:

 *************** function _main *****************
 Defined at:
		line 23 in file "main.c"
 Parameters:    Size  Location     Type
		None
 Auto vars:     Size  Location     Type
  temp            1    2[BANK0 ] unsigned char 
  fan             1    1[BANK0 ] unsigned char 
  i               1    0        unsigned char 
 Return value:  Size  Location     Type
		None               void
 Registers used:
		wreg, fsr0l, fsr0h, status,2, status,0, btemp+3, pclath, cstack
 Tracked objects:
		On entry : 
		On exit  : 
		Unchanged: 
 Data sizes:     COMMON   BANK0
      Params:         0       0
      Locals:         0       2
      Temps:          0       0
      Totals:         0       2
Total ram usage:        2 bytes
 Hardware stack levels required when called:    1
 This function calls:
		_delay
 This function is called by:
		Startup code after reset
 This function uses a non-reentrant model


 *************** function _delay *****************
 Defined at:
		line 15 in file "main.c"
 Parameters:    Size  Location     Type
  n               1    wreg     unsigned char 
 Auto vars:     Size  Location     Type
  n               1    0[BANK0 ] unsigned char 
 Return value:  Size  Location     Type
		None               void
 Registers used:
		wreg, fsr0l, fsr0h, status,2, status,0
 Tracked objects:
		On entry : 
		On exit  : 
		Unchanged: 
 Data sizes:     COMMON   BANK0
      Params:         0       0
      Locals:         0       1
      Temps:          0       0
      Totals:         0       1
Total ram usage:        1 bytes
 Hardware stack levels used:    1
 This function calls:
		Nothing
 This function is called by:
		_main
 This function uses a non-reentrant model



MODULE INFORMATION

Module		Function		Class		Link	Load	Size
shared
		__initializatio		ENTRY          	0003	0000	0

shared estimated size: 0

main.c
		_delay         		CODE           	0040	0000	23
		_main          		CODE           	0005	0000	59

main.c estimated size: 82

